Berhasil mendaftarkan tamu: 1 | Andi | Konsultasi
Berhasil mendaftarkan tamu: 2 | Budi Santoso | Meeting
Berhasil mendaftarkan tamu: 3 | Andi Wijaya | Kunjungan
Hasil Pencarian: "Andi"
1 | Andi | Konsultasi
3 | Andi Wijaya | Kunjungan
Berhasil menghapus tamu.
Daftar Tamu:
1 | Andi | Konsultasi
3 | Andi Wijaya | Kunjungan
