Berhasil menambah kontak: 1 | Budi Santoso | 081234567890 | budi@email.com
Berhasil menambah kontak: 2 | Ani Wijaya | 082345678901 | ani@email.com
Berhasil menambah kontak: 3 | Citra Dewi | 083456789012 | citra@email.com
Daftar Kontak:
1 | Budi Santoso | 081234567890 | budi@email.com
2 | Ani Wijaya | 082345678901 | ani@email.com
3 | Citra Dewi | 083456789012 | citra@email.com
